// Jest Snapshot v1, https://goo.gl/fbAQLP

exports[`CustomNoData renders without crashing 1`] = `
<div>
  <div>
     
     
  </div>
  <div />
  <div>
     
     
  </div>
</div>
`;
